[
  {
    "id": 1,
    "name" : "foo",
    "value": 300
  },
  {
    "id": 2,
    "name" : "the answer",
    "value": 42
  }
]