[
  {
    "id": 1,
    "uuid": "@uuid@",
    "name" : "@string@",
    "value": "@integer@",
    "date_of_creation": "@string@.isDateTime()",
    "active": true
  },
  {
    "id": 2,
    "uuid": "@uuid@",
    "name" : "@string@",
    "value": "@integer@",
    "date_of_creation": "@string@.isDateTime()",
    "active": true
  }
]