{
  "id":"#id={{@integer@}}",
  "name":"posted",
  "value":418,
  "date_of_creation":"@string@.isDateTime()",
  "active":true
}